Flow report for 16bAccumulator
Thu May 19 10:12:52 2022
Quartus Prime Version 18.1.0 Build 625 09/12/2018 SJ Lite Edition


---------------------
; Table of Contents ;
---------------------
  1. Legal Notice
  2. Flow Summary
  3. Flow Settings
  4. Flow Non-Default Global Settings
  5. Flow Elapsed Time
  6. Flow OS Summary
  7. Flow Log
  8. Flow Messages
  9. Flow Suppressed Messages



----------------
; Legal Notice ;
----------------
Copyright (C) 2018  Intel Corporation. All rights reserved.
Your use of Intel Corporation's design tools, logic functions 
and other software and tools, and its AMPP partner logic 
functions, and any output files from any of the foregoing 
(including device programming or simulation files), and any 
associated documentation or information are expressly subject 
to the terms and conditions of the Intel Program License 
Subscription Agreement, the Intel Quartus Prime License Agreement,
the Intel FPGA IP License Agreement, or other applicable license
agreement, including, without limitation, that your use is for
the sole purpose of programming logic devices manufactured by
Intel and sold by Intel or its authorized distributors.  Please
refer to the applicable agreement for further details.



+----------------------------------------------------------------------------------+
; Flow Summary                                                                     ;
+------------------------------------+---------------------------------------------+
; Flow Status                        ; Successful - Thu May 19 10:12:52 2022       ;
; Quartus Prime Version              ; 18.1.0 Build 625 09/12/2018 SJ Lite Edition ;
; Revision Name                      ; 16bAccumulator                              ;
; Top-level Entity Name              ; accumulatorFull                             ;
; Family                             ; Cyclone IV E                                ;
; Total logic elements               ; 0 / 6,272 ( 0 % )                           ;
;     Total combinational functions  ; 0 / 6,272 ( 0 % )                           ;
;     Dedicated logic registers      ; 0 / 6,272 ( 0 % )                           ;
; Total registers                    ; 0                                           ;
; Total pins                         ; 34 / 92 ( 37 % )                            ;
; Total virtual pins                 ; 0                                           ;
; Total memory bits                  ; 0 / 276,480 ( 0 % )                         ;
; Embedded Multiplier 9-bit elements ; 0 / 30 ( 0 % )                              ;
; Total PLLs                         ; 0 / 2 ( 0 % )                               ;
; Device                             ; EP4CE6E22C6                                 ;
; Timing Models                      ; Final                                       ;
+------------------------------------+---------------------------------------------+


+-----------------------------------------+
; Flow Settings                           ;
+-------------------+---------------------+
; Option            ; Setting             ;
+-------------------+---------------------+
; Start date & time ; 05/19/2022 10:12:30 ;
; Main task         ; Compilation         ;
; Revision Name     ; 16bAccumulator      ;
+-------------------+---------------------+


+----------------------------------------------------------------------------------------------------------------------------------+
; Flow Non-Default Global Settings                                                                                                 ;
+-------------------------------------+----------------------------------------+----------------+-----------------+----------------+
; Assignment Name                     ; Value                                  ; Default Value  ; Entity Name     ; Section Id     ;
+-------------------------------------+----------------------------------------+----------------+-----------------+----------------+
; COMPILER_SIGNATURE_ID               ; 79349043041443.165296954900180         ; --             ; --              ; --             ;
; EDA_OUTPUT_DATA_FORMAT              ; Verilog Hdl                            ; --             ; --              ; eda_simulation ;
; EDA_SIMULATION_TOOL                 ; ModelSim-Altera (Verilog)              ; <None>         ; --              ; --             ;
; PARTITION_COLOR                     ; -- (Not supported for targeted family) ; --             ; accumulatorFull ; Top            ;
; PARTITION_FITTER_PRESERVATION_LEVEL ; -- (Not supported for targeted family) ; --             ; accumulatorFull ; Top            ;
; PARTITION_NETLIST_TYPE              ; -- (Not supported for targeted family) ; --             ; accumulatorFull ; Top            ;
; PROJECT_OUTPUT_DIRECTORY            ; output_files                           ; --             ; --              ; --             ;
; TOP_LEVEL_ENTITY                    ; accumulatorFull                        ; 16bAccumulator ; --              ; --             ;
+-------------------------------------+----------------------------------------+----------------+-----------------+----------------+


+--------------------------------------------------------------------------------------------------------------------------+
; Flow Elapsed Time                                                                                                        ;
+----------------------+--------------+-------------------------+---------------------+------------------------------------+
; Module Name          ; Elapsed Time ; Average Processors Used ; Peak Virtual Memory ; Total CPU Time (on all processors) ;
+----------------------+--------------+-------------------------+---------------------+------------------------------------+
; Analysis & Synthesis ; 00:00:11     ; 1.0                     ; 4720 MB             ; 00:00:20                           ;
; Fitter               ; 00:00:04     ; 1.0                     ; 5600 MB             ; 00:00:04                           ;
; Assembler            ; 00:00:00     ; 1.0                     ; 4669 MB             ; 00:00:01                           ;
; Timing Analyzer      ; 00:00:02     ; 1.0                     ; 4783 MB             ; 00:00:02                           ;
; EDA Netlist Writer   ; 00:00:01     ; 1.0                     ; 4632 MB             ; 00:00:01                           ;
; Total                ; 00:00:18     ; --                      ; --                  ; 00:00:28                           ;
+----------------------+--------------+-------------------------+---------------------+------------------------------------+


+------------------------------------------------------------------------------------+
; Flow OS Summary                                                                    ;
+----------------------+------------------+------------+------------+----------------+
; Module Name          ; Machine Hostname ; OS Name    ; OS Version ; Processor type ;
+----------------------+------------------+------------+------------+----------------+
; Analysis & Synthesis ; RHIT-R90Y2R4B    ; Windows 10 ; 10.0       ; x86_64         ;
; Fitter               ; RHIT-R90Y2R4B    ; Windows 10 ; 10.0       ; x86_64         ;
; Assembler            ; RHIT-R90Y2R4B    ; Windows 10 ; 10.0       ; x86_64         ;
; Timing Analyzer      ; RHIT-R90Y2R4B    ; Windows 10 ; 10.0       ; x86_64         ;
; EDA Netlist Writer   ; RHIT-R90Y2R4B    ; Windows 10 ; 10.0       ; x86_64         ;
+----------------------+------------------+------------+------------+----------------+


------------
; Flow Log ;
------------
quartus_map --read_settings_files=on --write_settings_files=off 16bAccumulator -c 16bAccumulator
quartus_fit --read_settings_files=off --write_settings_files=off 16bAccumulator -c 16bAccumulator
quartus_asm --read_settings_files=off --write_settings_files=off 16bAccumulator -c 16bAccumulator
quartus_sta 16bAccumulator -c 16bAccumulator
quartus_eda --read_settings_files=off --write_settings_files=off 16bAccumulator -c 16bAccumulator



