------------------------------------------------------------
Timing Analyzer Summary
------------------------------------------------------------

Type  : Slow 1200mV 85C Model Setup 'AccMemory:memsub|control:control_inst|ALUOp[0]'
Slack : -7.093
TNS   : -109.820

Type  : Slow 1200mV 85C Model Setup 'CLK'
Slack : -4.449
TNS   : -373.134

Type  : Slow 1200mV 85C Model Setup 'AccMemory:memsub|control:control_inst|current_state.Jal'
Slack : -2.982
TNS   : -17.814

Type  : Slow 1200mV 85C Model Setup 'AccMemory:memsub|control:control_inst|current_state.Beq'
Slack : -2.407
TNS   : -7.584

Type  : Slow 1200mV 85C Model Hold 'AccMemory:memsub|control:control_inst|current_state.Jal'
Slack : -0.228
TNS   : -0.541

Type  : Slow 1200mV 85C Model Hold 'CLK'
Slack : 0.391
TNS   : 0.000

Type  : Slow 1200mV 85C Model Hold 'AccMemory:memsub|control:control_inst|ALUOp[0]'
Slack : 0.418
TNS   : 0.000

Type  : Slow 1200mV 85C Model Hold 'AccMemory:memsub|control:control_inst|current_state.Beq'
Slack : 0.521
TNS   : 0.000

Type  : Slow 1200mV 85C Model Minimum Pulse Width 'CLK'
Slack : -3.000
TNS   : -137.522

Type  : Slow 1200mV 85C Model Minimum Pulse Width 'AccMemory:memsub|control:control_inst|current_state.Jal'
Slack : 0.290
TNS   : 0.000

Type  : Slow 1200mV 85C Model Minimum Pulse Width 'AccMemory:memsub|control:control_inst|current_state.Beq'
Slack : 0.416
TNS   : 0.000

Type  : Slow 1200mV 85C Model Minimum Pulse Width 'AccMemory:memsub|control:control_inst|ALUOp[0]'
Slack : 0.427
TNS   : 0.000

Type  : Slow 1200mV 0C Model Setup 'AccMemory:memsub|control:control_inst|ALUOp[0]'
Slack : -6.314
TNS   : -98.358

Type  : Slow 1200mV 0C Model Setup 'CLK'
Slack : -3.959
TNS   : -325.754

Type  : Slow 1200mV 0C Model Setup 'AccMemory:memsub|control:control_inst|current_state.Jal'
Slack : -2.676
TNS   : -15.420

Type  : Slow 1200mV 0C Model Setup 'AccMemory:memsub|control:control_inst|current_state.Beq'
Slack : -2.170
TNS   : -6.781

Type  : Slow 1200mV 0C Model Hold 'AccMemory:memsub|control:control_inst|current_state.Jal'
Slack : -0.231
TNS   : -0.555

Type  : Slow 1200mV 0C Model Hold 'CLK'
Slack : 0.339
TNS   : 0.000

Type  : Slow 1200mV 0C Model Hold 'AccMemory:memsub|control:control_inst|ALUOp[0]'
Slack : 0.384
TNS   : 0.000

Type  : Slow 1200mV 0C Model Hold 'AccMemory:memsub|control:control_inst|current_state.Beq'
Slack : 0.540
TNS   : 0.000

Type  : Slow 1200mV 0C Model Minimum Pulse Width 'CLK'
Slack : -3.000
TNS   : -137.522

Type  : Slow 1200mV 0C Model Minimum Pulse Width 'AccMemory:memsub|control:control_inst|current_state.Jal'
Slack : 0.400
TNS   : 0.000

Type  : Slow 1200mV 0C Model Minimum Pulse Width 'AccMemory:memsub|control:control_inst|current_state.Beq'
Slack : 0.421
TNS   : 0.000

Type  : Slow 1200mV 0C Model Minimum Pulse Width 'AccMemory:memsub|control:control_inst|ALUOp[0]'
Slack : 0.476
TNS   : 0.000

Type  : Fast 1200mV 0C Model Setup 'AccMemory:memsub|control:control_inst|ALUOp[0]'
Slack : -3.515
TNS   : -54.608

Type  : Fast 1200mV 0C Model Setup 'CLK'
Slack : -2.389
TNS   : -174.977

Type  : Fast 1200mV 0C Model Setup 'AccMemory:memsub|control:control_inst|current_state.Jal'
Slack : -1.371
TNS   : -6.011

Type  : Fast 1200mV 0C Model Setup 'AccMemory:memsub|control:control_inst|current_state.Beq'
Slack : -1.226
TNS   : -2.720

Type  : Fast 1200mV 0C Model Hold 'AccMemory:memsub|control:control_inst|current_state.Jal'
Slack : -0.116
TNS   : -0.160

Type  : Fast 1200mV 0C Model Hold 'AccMemory:memsub|control:control_inst|ALUOp[0]'
Slack : 0.046
TNS   : 0.000

Type  : Fast 1200mV 0C Model Hold 'CLK'
Slack : 0.160
TNS   : 0.000

Type  : Fast 1200mV 0C Model Hold 'AccMemory:memsub|control:control_inst|current_state.Beq'
Slack : 0.197
TNS   : 0.000

Type  : Fast 1200mV 0C Model Minimum Pulse Width 'CLK'
Slack : -3.000
TNS   : -142.561

Type  : Fast 1200mV 0C Model Minimum Pulse Width 'AccMemory:memsub|control:control_inst|current_state.Jal'
Slack : 0.229
TNS   : 0.000

Type  : Fast 1200mV 0C Model Minimum Pulse Width 'AccMemory:memsub|control:control_inst|ALUOp[0]'
Slack : 0.424
TNS   : 0.000

Type  : Fast 1200mV 0C Model Minimum Pulse Width 'AccMemory:memsub|control:control_inst|current_state.Beq'
Slack : 0.444
TNS   : 0.000

------------------------------------------------------------
